// Jest Snapshot v1, https://goo.gl/fbAQLP

exports[`should render weather component should render weather component 1`] = `
<div
  className="weather minimized"
  onClick={[Function]}
  role="button"
  tabIndex={0}
>
  <div
    className="mini-loader"
  >
    <Spinner
      animation="border"
    />
  </div>
</div>
`;
