// Jest Snapshot v1, https://goo.gl/fbAQLP

exports[`should render time should render time component 1`] = `
<div
  className="time"
>
  <h6>
    17 M03 Wed
  </h6>
  <h2>
    15:54:44
  </h2>
</div>
`;
